[1.395s] Invoking command in '/home/ogan/ME461F25_LittleDaisies/project/ros_ws/build/camera_pkg': CONDA_PROMPT_MODIFIER=(base) PYTHONPATH=/home/ogan/ME461F25_LittleDaisies/project/ros_ws/build/camera_pkg/prefix_override:/usr/lib/python3/dist-packages/colcon_core/task/python/colcon_distutils_commands:/home/ogan/ME461F25_LittleDaisies/project/ros_ws/install/camera_pkg/lib/python3.10/site-packages:${PYTHONPATH} /usr/bin/python3 -W ignore:setup.py install is deprecated -W ignore:easy_install command is deprecated setup.py develop --editable --build-directory /home/ogan/ME461F25_LittleDaisies/project/ros_ws/build/camera_pkg/build --no-deps symlink_data
[1.659s] running develop
[1.871s] running egg_info
[1.872s] writing camera_pkg.egg-info/PKG-INFO
[1.873s] writing dependency_links to camera_pkg.egg-info/dependency_links.txt
[1.873s] writing entry points to camera_pkg.egg-info/entry_points.txt
[1.873s] writing requirements to camera_pkg.egg-info/requires.txt
[1.873s] writing top-level names to camera_pkg.egg-info/top_level.txt
[1.875s] reading manifest file 'camera_pkg.egg-info/SOURCES.txt'
[1.876s] writing manifest file 'camera_pkg.egg-info/SOURCES.txt'
[1.877s] running build_ext
[1.877s] Creating /home/ogan/ME461F25_LittleDaisies/project/ros_ws/install/camera_pkg/lib/python3.10/site-packages/camera-pkg.egg-link (link to .)
[1.878s] Installing AAAA script to /home/ogan/ME461F25_LittleDaisies/project/ros_ws/install/camera_pkg/lib/camera_pkg
[1.878s] Installing async_camera_subscriber script to /home/ogan/ME461F25_LittleDaisies/project/ros_ws/install/camera_pkg/lib/camera_pkg
[1.878s] Installing calibrator_node script to /home/ogan/ME461F25_LittleDaisies/project/ros_ws/install/camera_pkg/lib/camera_pkg
[1.879s] Installing camera_publisher_node script to /home/ogan/ME461F25_LittleDaisies/project/ros_ws/install/camera_pkg/lib/camera_pkg
[1.879s] Installing sync_camera_subscriber script to /home/ogan/ME461F25_LittleDaisies/project/ros_ws/install/camera_pkg/lib/camera_pkg
[1.879s] 
[1.879s] Installed /home/ogan/ME461F25_LittleDaisies/project/ros_ws/build/camera_pkg
[1.879s] running symlink_data
[1.909s] Invoked command in '/home/ogan/ME461F25_LittleDaisies/project/ros_ws/build/camera_pkg' returned '0': CONDA_PROMPT_MODIFIER=(base) PYTHONPATH=/home/ogan/ME461F25_LittleDaisies/project/ros_ws/build/camera_pkg/prefix_override:/usr/lib/python3/dist-packages/colcon_core/task/python/colcon_distutils_commands:/home/ogan/ME461F25_LittleDaisies/project/ros_ws/install/camera_pkg/lib/python3.10/site-packages:${PYTHONPATH} /usr/bin/python3 -W ignore:setup.py install is deprecated -W ignore:easy_install command is deprecated setup.py develop --editable --build-directory /home/ogan/ME461F25_LittleDaisies/project/ros_ws/build/camera_pkg/build --no-deps symlink_data
