running develop
running egg_info
creating camera_pkg.egg-info
writing camera_pkg.egg-info/PKG-INFO
writing dependency_links to camera_pkg.egg-info/dependency_links.txt
writing entry points to camera_pkg.egg-info/entry_points.txt
writing requirements to camera_pkg.egg-info/requires.txt
writing top-level names to camera_pkg.egg-info/top_level.txt
writing manifest file 'camera_pkg.egg-info/SOURCES.txt'
reading manifest file 'camera_pkg.egg-info/SOURCES.txt'
writing manifest file 'camera_pkg.egg-info/SOURCES.txt'
running build_ext
Creating /home/ogan/ME461F25_LittleDaisies/project/ros_ws/install/camera_pkg/lib/python3.10/site-packages/camera-pkg.egg-link (link to .)
Installing camera_publisher_node script to /home/ogan/ME461F25_LittleDaisies/project/ros_ws/install/camera_pkg/lib/camera_pkg
Installing camera_subscriber_node script to /home/ogan/ME461F25_LittleDaisies/project/ros_ws/install/camera_pkg/lib/camera_pkg

Installed /home/ogan/ME461F25_LittleDaisies/project/ros_ws/build/camera_pkg
running symlink_data
creating /home/ogan/ME461F25_LittleDaisies/project/ros_ws/install/camera_pkg/share/ament_index
creating /home/ogan/ME461F25_LittleDaisies/project/ros_ws/install/camera_pkg/share/ament_index/resource_index
creating /home/ogan/ME461F25_LittleDaisies/project/ros_ws/install/camera_pkg/share/ament_index/resource_index/packages
symbolically linking /home/ogan/ME461F25_LittleDaisies/project/ros_ws/build/camera_pkg/resource/camera_pkg -> /home/ogan/ME461F25_LittleDaisies/project/ros_ws/install/camera_pkg/share/ament_index/resource_index/packages
symbolically linking /home/ogan/ME461F25_LittleDaisies/project/ros_ws/build/camera_pkg/package.xml -> /home/ogan/ME461F25_LittleDaisies/project/ros_ws/install/camera_pkg/share/camera_pkg
