[0.794s] Invoking command in '/home/ogan/ME461F25_LittleDaisies/project/ros_ws/build/camera_pkg': PYTHONPATH=/home/ogan/ME461F25_LittleDaisies/project/ros_ws/build/camera_pkg/prefix_override:/usr/lib/python3/dist-packages/colcon_core/task/python/colcon_distutils_commands:/home/ogan/ME461F25_LittleDaisies/project/ros_ws/install/camera_pkg/lib/python3.10/site-packages:${PYTHONPATH} /usr/bin/python3 -W ignore:setup.py install is deprecated -W ignore:easy_install command is deprecated setup.py develop --editable --build-directory /home/ogan/ME461F25_LittleDaisies/project/ros_ws/build/camera_pkg/build --no-deps symlink_data
[1.056s] running develop
[1.266s] running egg_info
[1.266s] creating camera_pkg.egg-info
[1.266s] writing camera_pkg.egg-info/PKG-INFO
[1.266s] writing dependency_links to camera_pkg.egg-info/dependency_links.txt
[1.266s] writing entry points to camera_pkg.egg-info/entry_points.txt
[1.266s] writing requirements to camera_pkg.egg-info/requires.txt
[1.266s] writing top-level names to camera_pkg.egg-info/top_level.txt
[1.267s] writing manifest file 'camera_pkg.egg-info/SOURCES.txt'
[1.268s] reading manifest file 'camera_pkg.egg-info/SOURCES.txt'
[1.268s] writing manifest file 'camera_pkg.egg-info/SOURCES.txt'
[1.269s] running build_ext
[1.270s] Creating /home/ogan/ME461F25_LittleDaisies/project/ros_ws/install/camera_pkg/lib/python3.10/site-packages/camera-pkg.egg-link (link to .)
[1.270s] Installing camera_publisher_node script to /home/ogan/ME461F25_LittleDaisies/project/ros_ws/install/camera_pkg/lib/camera_pkg
[1.270s] Installing camera_subscriber_node script to /home/ogan/ME461F25_LittleDaisies/project/ros_ws/install/camera_pkg/lib/camera_pkg
[1.270s] 
[1.270s] Installed /home/ogan/ME461F25_LittleDaisies/project/ros_ws/build/camera_pkg
[1.270s] running symlink_data
[1.270s] creating /home/ogan/ME461F25_LittleDaisies/project/ros_ws/install/camera_pkg/share/ament_index
[1.271s] creating /home/ogan/ME461F25_LittleDaisies/project/ros_ws/install/camera_pkg/share/ament_index/resource_index
[1.271s] creating /home/ogan/ME461F25_LittleDaisies/project/ros_ws/install/camera_pkg/share/ament_index/resource_index/packages
[1.271s] symbolically linking /home/ogan/ME461F25_LittleDaisies/project/ros_ws/build/camera_pkg/resource/camera_pkg -> /home/ogan/ME461F25_LittleDaisies/project/ros_ws/install/camera_pkg/share/ament_index/resource_index/packages
[1.271s] symbolically linking /home/ogan/ME461F25_LittleDaisies/project/ros_ws/build/camera_pkg/package.xml -> /home/ogan/ME461F25_LittleDaisies/project/ros_ws/install/camera_pkg/share/camera_pkg
[1.302s] Invoked command in '/home/ogan/ME461F25_LittleDaisies/project/ros_ws/build/camera_pkg' returned '0': PYTHONPATH=/home/ogan/ME461F25_LittleDaisies/project/ros_ws/build/camera_pkg/prefix_override:/usr/lib/python3/dist-packages/colcon_core/task/python/colcon_distutils_commands:/home/ogan/ME461F25_LittleDaisies/project/ros_ws/install/camera_pkg/lib/python3.10/site-packages:${PYTHONPATH} /usr/bin/python3 -W ignore:setup.py install is deprecated -W ignore:easy_install command is deprecated setup.py develop --editable --build-directory /home/ogan/ME461F25_LittleDaisies/project/ros_ws/build/camera_pkg/build --no-deps symlink_data
