[0.090s] DEBUG:colcon:Command line arguments: ['/usr/bin/colcon', 'build', '--packages-select', 'mobile_sensor']
[0.090s] DEBUG:colcon:Parsed command line arguments: Namespace(log_base=None, log_level=None, verb_name='build', build_base='build', install_base='install', merge_install=False, symlink_install=False, test_result_base=None, continue_on_error=False, executor='parallel', parallel_workers=16, event_handlers=None, ignore_user_meta=False, metas=['./colcon.meta'], base_paths=['.'], packages_ignore=None, packages_ignore_regex=None, paths=None, packages_up_to=None, packages_up_to_regex=None, packages_above=None, packages_above_and_dependencies=None, packages_above_depth=None, packages_select_by_dep=None, packages_skip_by_dep=None, packages_skip_up_to=None, packages_select_build_failed=False, packages_skip_build_finished=False, packages_select_test_failures=False, packages_skip_test_passed=False, packages_select=['mobile_sensor'], packages_skip=None, packages_select_regex=None, packages_skip_regex=None, packages_start=None, packages_end=None, allow_overriding=[], cmake_args=None, cmake_target=None, cmake_target_skip_unavailable=False, cmake_clean_cache=False, cmake_clean_first=False, cmake_force_configure=False, ament_cmake_args=None, catkin_cmake_args=None, catkin_skip_building_tests=False, mixin_files=None, mixin=None, verb_parser=<colcon_mixin.mixin.mixin_argument.MixinArgumentDecorator object at 0x733a02b7ef50>, verb_extension=<colcon_core.verb.build.BuildVerb object at 0x733a02b7e4d0>, main=<bound method BuildVerb.main of <colcon_core.verb.build.BuildVerb object at 0x733a02b7e4d0>>, mixin_verb=('build',))
[0.294s] Level 1:colcon.colcon_core.package_discovery:discover_packages(colcon_meta) check parameters
[0.294s] Level 1:colcon.colcon_core.package_discovery:discover_packages(recursive) check parameters
[0.294s] Level 1:colcon.colcon_core.package_discovery:discover_packages(ignore) check parameters
[0.294s] Level 1:colcon.colcon_core.package_discovery:discover_packages(path) check parameters
[0.294s] Level 1:colcon.colcon_core.package_discovery:discover_packages(colcon_meta) discover
[0.294s] Level 1:colcon.colcon_core.package_discovery:discover_packages(recursive) discover
[0.294s] INFO:colcon.colcon_core.package_discovery:Crawling recursively for packages in '/home/ogan/ME461F25_LittleDaisies/project/ros_ws'
[0.294s] Level 1:colcon.colcon_core.package_identification:_identify(.) by extensions ['ignore', 'ignore_ament_install']
[0.294s] Level 1:colcon.colcon_core.package_identification:_identify(.) by extension 'ignore'
[0.294s] Level 1:colcon.colcon_core.package_identification:_identify(.) by extension 'ignore_ament_install'
[0.294s] Level 1:colcon.colcon_core.package_identification:_identify(.) by extensions ['colcon_pkg']
[0.294s] Level 1:colcon.colcon_core.package_identification:_identify(.) by extension 'colcon_pkg'
[0.294s] Level 1:colcon.colcon_core.package_identification:_identify(.) by extensions ['colcon_meta']
[0.294s] Level 1:colcon.colcon_core.package_identification:_identify(.) by extension 'colcon_meta'
[0.294s] Level 1:colcon.colcon_core.package_identification:_identify(.) by extensions ['ros']
[0.294s] Level 1:colcon.colcon_core.package_identification:_identify(.) by extension 'ros'
[0.302s] Level 1:colcon.colcon_core.package_identification:_identify(.) by extensions ['cmake', 'python']
[0.302s] Level 1:colcon.colcon_core.package_identification:_identify(.) by extension 'cmake'
[0.303s] Level 1:colcon.colcon_core.package_identification:_identify(.) by extension 'python'
[0.303s] Level 1:colcon.colcon_core.package_identification:_identify(.) by extensions ['python_setup_py']
[0.303s] Level 1:colcon.colcon_core.package_identification:_identify(.) by extension 'python_setup_py'
[0.303s] Level 1:colcon.colcon_core.package_identification:_identify(build) by extensions ['ignore', 'ignore_ament_install']
[0.303s] Level 1:colcon.colcon_core.package_identification:_identify(build) by extension 'ignore'
[0.303s] Level 1:colcon.colcon_core.package_identification:_identify(build) ignored
[0.303s] Level 1:colcon.colcon_core.package_identification:_identify(install) by extensions ['ignore', 'ignore_ament_install']
[0.303s] Level 1:colcon.colcon_core.package_identification:_identify(install) by extension 'ignore'
[0.303s] Level 1:colcon.colcon_core.package_identification:_identify(install) ignored
[0.303s] Level 1:colcon.colcon_core.package_identification:_identify(log) by extensions ['ignore', 'ignore_ament_install']
[0.303s] Level 1:colcon.colcon_core.package_identification:_identify(log) by extension 'ignore'
[0.303s] Level 1:colcon.colcon_core.package_identification:_identify(log) ignored
[0.303s] Level 1:colcon.colcon_core.package_identification:_identify(src) by extensions ['ignore', 'ignore_ament_install']
[0.303s] Level 1:colcon.colcon_core.package_identification:_identify(src) by extension 'ignore'
[0.303s] Level 1:colcon.colcon_core.package_identification:_identify(src) by extension 'ignore_ament_install'
[0.303s] Level 1:colcon.colcon_core.package_identification:_identify(src) by extensions ['colcon_pkg']
[0.303s] Level 1:colcon.colcon_core.package_identification:_identify(src) by extension 'colcon_pkg'
[0.303s] Level 1:colcon.colcon_core.package_identification:_identify(src) by extensions ['colcon_meta']
[0.303s] Level 1:colcon.colcon_core.package_identification:_identify(src) by extension 'colcon_meta'
[0.303s] Level 1:colcon.colcon_core.package_identification:_identify(src) by extensions ['ros']
[0.303s] Level 1:colcon.colcon_core.package_identification:_identify(src) by extension 'ros'
[0.303s] Level 1:colcon.colcon_core.package_identification:_identify(src) by extensions ['cmake', 'python']
[0.303s] Level 1:colcon.colcon_core.package_identification:_identify(src) by extension 'cmake'
[0.303s] Level 1:colcon.colcon_core.package_identification:_identify(src) by extension 'python'
[0.304s] Level 1:colcon.colcon_core.package_identification:_identify(src) by extensions ['python_setup_py']
[0.304s] Level 1:colcon.colcon_core.package_identification:_identify(src) by extension 'python_setup_py'
[0.304s] Level 1:colcon.colcon_core.package_identification:_identify(src/camera_pkg) by extensions ['ignore', 'ignore_ament_install']
[0.304s] Level 1:colcon.colcon_core.package_identification:_identify(src/camera_pkg) by extension 'ignore'
[0.304s] Level 1:colcon.colcon_core.package_identification:_identify(src/camera_pkg) by extension 'ignore_ament_install'
[0.304s] Level 1:colcon.colcon_core.package_identification:_identify(src/camera_pkg) by extensions ['colcon_pkg']
[0.304s] Level 1:colcon.colcon_core.package_identification:_identify(src/camera_pkg) by extension 'colcon_pkg'
[0.304s] Level 1:colcon.colcon_core.package_identification:_identify(src/camera_pkg) by extensions ['colcon_meta']
[0.304s] Level 1:colcon.colcon_core.package_identification:_identify(src/camera_pkg) by extension 'colcon_meta'
[0.304s] Level 1:colcon.colcon_core.package_identification:_identify(src/camera_pkg) by extensions ['ros']
[0.304s] Level 1:colcon.colcon_core.package_identification:_identify(src/camera_pkg) by extension 'ros'
[0.306s] DEBUG:colcon.colcon_core.package_identification:Package 'src/camera_pkg' with type 'ros.ament_python' and name 'camera_pkg'
[0.306s] Level 1:colcon.colcon_core.package_identification:_identify(src/mobile_sensor) by extensions ['ignore', 'ignore_ament_install']
[0.306s] Level 1:colcon.colcon_core.package_identification:_identify(src/mobile_sensor) by extension 'ignore'
[0.306s] Level 1:colcon.colcon_core.package_identification:_identify(src/mobile_sensor) by extension 'ignore_ament_install'
[0.306s] Level 1:colcon.colcon_core.package_identification:_identify(src/mobile_sensor) by extensions ['colcon_pkg']
[0.306s] Level 1:colcon.colcon_core.package_identification:_identify(src/mobile_sensor) by extension 'colcon_pkg'
[0.306s] Level 1:colcon.colcon_core.package_identification:_identify(src/mobile_sensor) by extensions ['colcon_meta']
[0.306s] Level 1:colcon.colcon_core.package_identification:_identify(src/mobile_sensor) by extension 'colcon_meta'
[0.306s] Level 1:colcon.colcon_core.package_identification:_identify(src/mobile_sensor) by extensions ['ros']
[0.306s] Level 1:colcon.colcon_core.package_identification:_identify(src/mobile_sensor) by extension 'ros'
[0.306s] DEBUG:colcon.colcon_core.package_identification:Package 'src/mobile_sensor' with type 'ros.ament_cmake' and name 'mobile_sensor'
[0.306s] Level 1:colcon.colcon_core.package_discovery:discover_packages(recursive) using defaults
[0.306s] Level 1:colcon.colcon_core.package_discovery:discover_packages(ignore) discover
[0.306s] Level 1:colcon.colcon_core.package_discovery:discover_packages(ignore) using defaults
[0.306s] Level 1:colcon.colcon_core.package_discovery:discover_packages(path) discover
[0.306s] Level 1:colcon.colcon_core.package_discovery:discover_packages(path) using defaults
[0.321s] INFO:colcon.colcon_core.package_selection:Skipping not selected package 'camera_pkg' in 'src/camera_pkg'
[0.321s] Level 1:colcon.colcon_core.package_discovery:discover_packages(prefix_path) check parameters
[0.321s] Level 1:colcon.colcon_core.package_discovery:discover_packages(prefix_path) discover
[0.322s] DEBUG:colcon.colcon_installed_package_information.package_discovery:Found 4 installed packages in /home/ogan/kobot_ws/install
[0.323s] DEBUG:colcon.colcon_installed_package_information.package_discovery:Found 338 installed packages in /opt/ros/humble
[0.324s] Level 1:colcon.colcon_core.package_discovery:discover_packages(prefix_path) using defaults
[0.355s] Level 5:colcon.colcon_core.verb:set package 'mobile_sensor' build argument 'cmake_args' from command line to 'None'
[0.355s] Level 5:colcon.colcon_core.verb:set package 'mobile_sensor' build argument 'cmake_target' from command line to 'None'
[0.355s] Level 5:colcon.colcon_core.verb:set package 'mobile_sensor' build argument 'cmake_target_skip_unavailable' from command line to 'False'
[0.355s] Level 5:colcon.colcon_core.verb:set package 'mobile_sensor' build argument 'cmake_clean_cache' from command line to 'False'
[0.355s] Level 5:colcon.colcon_core.verb:set package 'mobile_sensor' build argument 'cmake_clean_first' from command line to 'False'
[0.355s] Level 5:colcon.colcon_core.verb:set package 'mobile_sensor' build argument 'cmake_force_configure' from command line to 'False'
[0.355s] Level 5:colcon.colcon_core.verb:set package 'mobile_sensor' build argument 'ament_cmake_args' from command line to 'None'
[0.355s] Level 5:colcon.colcon_core.verb:set package 'mobile_sensor' build argument 'catkin_cmake_args' from command line to 'None'
[0.355s] Level 5:colcon.colcon_core.verb:set package 'mobile_sensor' build argument 'catkin_skip_building_tests' from command line to 'False'
[0.355s] DEBUG:colcon.colcon_core.verb:Building package 'mobile_sensor' with the following arguments: {'ament_cmake_args': None, 'build_base': '/home/ogan/ME461F25_LittleDaisies/project/ros_ws/build/mobile_sensor', 'catkin_cmake_args': None, 'catkin_skip_building_tests': False, 'cmake_args': None, 'cmake_clean_cache': False, 'cmake_clean_first': False, 'cmake_force_configure': False, 'cmake_target': None, 'cmake_target_skip_unavailable': False, 'install_base': '/home/ogan/ME461F25_LittleDaisies/project/ros_ws/install/mobile_sensor', 'merge_install': False, 'path': '/home/ogan/ME461F25_LittleDaisies/project/ros_ws/src/mobile_sensor', 'symlink_install': False, 'test_result_base': None}
[0.355s] INFO:colcon.colcon_core.executor:Executing jobs using 'parallel' executor
[0.356s] DEBUG:colcon.colcon_parallel_executor.executor.parallel:run_until_complete
[0.356s] INFO:colcon.colcon_ros.task.ament_cmake.build:Building ROS package in '/home/ogan/ME461F25_LittleDaisies/project/ros_ws/src/mobile_sensor' with build type 'ament_cmake'
[0.356s] INFO:colcon.colcon_cmake.task.cmake.build:Building CMake package in '/home/ogan/ME461F25_LittleDaisies/project/ros_ws/src/mobile_sensor'
[0.358s] INFO:colcon.colcon_core.plugin_system:Skipping extension 'colcon_core.shell.bat': Not used on non-Windows systems
[0.358s] INFO:colcon.colcon_core.shell:Skip shell extension 'powershell' for command environment: Not usable outside of PowerShell
[0.358s] DEBUG:colcon.colcon_core.shell:Skip shell extension 'dsv' for command environment
[0.365s] DEBUG:colcon.colcon_core.event_handler.log_command:Invoking command in '/home/ogan/ME461F25_LittleDaisies/project/ros_ws/build/mobile_sensor': CMAKE_PREFIX_PATH=${CMAKE_PREFIX_PATH}:/home/ogan/kobot_ws/install/kobot_subsystems:/home/ogan/kobot_ws/install/kobot_behavior:/opt/ros/humble /usr/bin/cmake /home/ogan/ME461F25_LittleDaisies/project/ros_ws/src/mobile_sensor -DCMAKE_INSTALL_PREFIX=/home/ogan/ME461F25_LittleDaisies/project/ros_ws/install/mobile_sensor
[1.291s] DEBUG:colcon.colcon_core.event_handler.log_command:Invoked command in '/home/ogan/ME461F25_LittleDaisies/project/ros_ws/build/mobile_sensor' returned '0': CMAKE_PREFIX_PATH=${CMAKE_PREFIX_PATH}:/home/ogan/kobot_ws/install/kobot_subsystems:/home/ogan/kobot_ws/install/kobot_behavior:/opt/ros/humble /usr/bin/cmake /home/ogan/ME461F25_LittleDaisies/project/ros_ws/src/mobile_sensor -DCMAKE_INSTALL_PREFIX=/home/ogan/ME461F25_LittleDaisies/project/ros_ws/install/mobile_sensor
[1.293s] DEBUG:colcon.colcon_core.event_handler.log_command:Invoking command in '/home/ogan/ME461F25_LittleDaisies/project/ros_ws/build/mobile_sensor': CMAKE_PREFIX_PATH=${CMAKE_PREFIX_PATH}:/home/ogan/kobot_ws/install/kobot_subsystems:/home/ogan/kobot_ws/install/kobot_behavior:/opt/ros/humble /usr/bin/cmake --build /home/ogan/ME461F25_LittleDaisies/project/ros_ws/build/mobile_sensor -- -j16 -l16
[1.312s] DEBUG:colcon.colcon_core.event_handler.log_command:Invoked command in '/home/ogan/ME461F25_LittleDaisies/project/ros_ws/build/mobile_sensor' returned '0': CMAKE_PREFIX_PATH=${CMAKE_PREFIX_PATH}:/home/ogan/kobot_ws/install/kobot_subsystems:/home/ogan/kobot_ws/install/kobot_behavior:/opt/ros/humble /usr/bin/cmake --build /home/ogan/ME461F25_LittleDaisies/project/ros_ws/build/mobile_sensor -- -j16 -l16
[1.317s] DEBUG:colcon.colcon_core.event_handler.log_command:Invoking command in '/home/ogan/ME461F25_LittleDaisies/project/ros_ws/build/mobile_sensor': CMAKE_PREFIX_PATH=${CMAKE_PREFIX_PATH}:/home/ogan/kobot_ws/install/kobot_subsystems:/home/ogan/kobot_ws/install/kobot_behavior:/opt/ros/humble /usr/bin/cmake --install /home/ogan/ME461F25_LittleDaisies/project/ros_ws/build/mobile_sensor
[1.670s] Level 1:colcon.colcon_core.environment:create_environment_scripts_only(mobile_sensor)
[1.671s] DEBUG:colcon.colcon_core.event_handler.log_command:Invoked command in '/home/ogan/ME461F25_LittleDaisies/project/ros_ws/build/mobile_sensor' returned '0': CMAKE_PREFIX_PATH=${CMAKE_PREFIX_PATH}:/home/ogan/kobot_ws/install/kobot_subsystems:/home/ogan/kobot_ws/install/kobot_behavior:/opt/ros/humble /usr/bin/cmake --install /home/ogan/ME461F25_LittleDaisies/project/ros_ws/build/mobile_sensor
[1.672s] Level 1:colcon.colcon_core.environment:checking '/home/ogan/ME461F25_LittleDaisies/project/ros_ws/install/mobile_sensor' for CMake module files
[1.672s] Level 1:colcon.colcon_core.environment:checking '/home/ogan/ME461F25_LittleDaisies/project/ros_ws/install/mobile_sensor' for CMake config files
[1.681s] Level 1:colcon.colcon_core.shell:create_environment_hook('mobile_sensor', 'cmake_prefix_path')
[1.681s] INFO:colcon.colcon_core.shell:Creating environment hook '/home/ogan/ME461F25_LittleDaisies/project/ros_ws/install/mobile_sensor/share/mobile_sensor/hook/cmake_prefix_path.ps1'
[1.682s] INFO:colcon.colcon_core.shell:Creating environment descriptor '/home/ogan/ME461F25_LittleDaisies/project/ros_ws/install/mobile_sensor/share/mobile_sensor/hook/cmake_prefix_path.dsv'
[1.682s] INFO:colcon.colcon_core.shell:Creating environment hook '/home/ogan/ME461F25_LittleDaisies/project/ros_ws/install/mobile_sensor/share/mobile_sensor/hook/cmake_prefix_path.sh'
[1.683s] Level 1:colcon.colcon_core.environment:checking '/home/ogan/ME461F25_LittleDaisies/project/ros_ws/install/mobile_sensor/bin'
[1.683s] Level 1:colcon.colcon_core.environment:checking '/home/ogan/ME461F25_LittleDaisies/project/ros_ws/install/mobile_sensor/lib/pkgconfig/mobile_sensor.pc'
[1.683s] Level 1:colcon.colcon_core.environment:checking '/home/ogan/ME461F25_LittleDaisies/project/ros_ws/install/mobile_sensor/lib/python3.10/site-packages'
[1.683s] Level 1:colcon.colcon_core.environment:checking '/home/ogan/ME461F25_LittleDaisies/project/ros_ws/install/mobile_sensor/bin'
[1.683s] INFO:colcon.colcon_core.shell:Creating package script '/home/ogan/ME461F25_LittleDaisies/project/ros_ws/install/mobile_sensor/share/mobile_sensor/package.ps1'
[1.684s] INFO:colcon.colcon_core.shell:Creating package descriptor '/home/ogan/ME461F25_LittleDaisies/project/ros_ws/install/mobile_sensor/share/mobile_sensor/package.dsv'
[1.684s] INFO:colcon.colcon_core.shell:Creating package script '/home/ogan/ME461F25_LittleDaisies/project/ros_ws/install/mobile_sensor/share/mobile_sensor/package.sh'
[1.685s] INFO:colcon.colcon_core.shell:Creating package script '/home/ogan/ME461F25_LittleDaisies/project/ros_ws/install/mobile_sensor/share/mobile_sensor/package.bash'
[1.685s] INFO:colcon.colcon_core.shell:Creating package script '/home/ogan/ME461F25_LittleDaisies/project/ros_ws/install/mobile_sensor/share/mobile_sensor/package.zsh'
[1.686s] Level 1:colcon.colcon_core.environment:create_file_with_runtime_dependencies(/home/ogan/ME461F25_LittleDaisies/project/ros_ws/install/mobile_sensor/share/colcon-core/packages/mobile_sensor)
[1.686s] Level 1:colcon.colcon_core.environment:create_environment_scripts_only(mobile_sensor)
[1.686s] Level 1:colcon.colcon_core.environment:checking '/home/ogan/ME461F25_LittleDaisies/project/ros_ws/install/mobile_sensor' for CMake module files
[1.687s] Level 1:colcon.colcon_core.environment:checking '/home/ogan/ME461F25_LittleDaisies/project/ros_ws/install/mobile_sensor' for CMake config files
[1.695s] Level 1:colcon.colcon_core.shell:create_environment_hook('mobile_sensor', 'cmake_prefix_path')
[1.695s] INFO:colcon.colcon_core.shell:Creating environment hook '/home/ogan/ME461F25_LittleDaisies/project/ros_ws/install/mobile_sensor/share/mobile_sensor/hook/cmake_prefix_path.ps1'
[1.695s] INFO:colcon.colcon_core.shell:Creating environment descriptor '/home/ogan/ME461F25_LittleDaisies/project/ros_ws/install/mobile_sensor/share/mobile_sensor/hook/cmake_prefix_path.dsv'
[1.696s] INFO:colcon.colcon_core.shell:Creating environment hook '/home/ogan/ME461F25_LittleDaisies/project/ros_ws/install/mobile_sensor/share/mobile_sensor/hook/cmake_prefix_path.sh'
[1.696s] Level 1:colcon.colcon_core.environment:checking '/home/ogan/ME461F25_LittleDaisies/project/ros_ws/install/mobile_sensor/bin'
[1.696s] Level 1:colcon.colcon_core.environment:checking '/home/ogan/ME461F25_LittleDaisies/project/ros_ws/install/mobile_sensor/lib/pkgconfig/mobile_sensor.pc'
[1.696s] Level 1:colcon.colcon_core.environment:checking '/home/ogan/ME461F25_LittleDaisies/project/ros_ws/install/mobile_sensor/lib/python3.10/site-packages'
[1.696s] Level 1:colcon.colcon_core.environment:checking '/home/ogan/ME461F25_LittleDaisies/project/ros_ws/install/mobile_sensor/bin'
[1.697s] INFO:colcon.colcon_core.shell:Creating package script '/home/ogan/ME461F25_LittleDaisies/project/ros_ws/install/mobile_sensor/share/mobile_sensor/package.ps1'
[1.697s] INFO:colcon.colcon_core.shell:Creating package descriptor '/home/ogan/ME461F25_LittleDaisies/project/ros_ws/install/mobile_sensor/share/mobile_sensor/package.dsv'
[1.697s] INFO:colcon.colcon_core.shell:Creating package script '/home/ogan/ME461F25_LittleDaisies/project/ros_ws/install/mobile_sensor/share/mobile_sensor/package.sh'
[1.698s] INFO:colcon.colcon_core.shell:Creating package script '/home/ogan/ME461F25_LittleDaisies/project/ros_ws/install/mobile_sensor/share/mobile_sensor/package.bash'
[1.698s] INFO:colcon.colcon_core.shell:Creating package script '/home/ogan/ME461F25_LittleDaisies/project/ros_ws/install/mobile_sensor/share/mobile_sensor/package.zsh'
[1.698s] Level 1:colcon.colcon_core.environment:create_file_with_runtime_dependencies(/home/ogan/ME461F25_LittleDaisies/project/ros_ws/install/mobile_sensor/share/colcon-core/packages/mobile_sensor)
[1.698s] DEBUG:colcon.colcon_parallel_executor.executor.parallel:closing loop
[1.698s] DEBUG:colcon.colcon_parallel_executor.executor.parallel:loop closed
[1.699s] DEBUG:colcon.colcon_parallel_executor.executor.parallel:run_until_complete finished with '0'
[1.699s] DEBUG:colcon.colcon_core.event_reactor:joining thread
[1.703s] INFO:colcon.colcon_core.plugin_system:Skipping extension 'colcon_notification.desktop_notification.terminal_notifier': Not used on non-Darwin systems
[1.703s] INFO:colcon.colcon_core.plugin_system:Skipping extension 'colcon_notification.desktop_notification.win32': Not used on non-Windows systems
[1.703s] INFO:colcon.colcon_notification.desktop_notification:Sending desktop notification using 'notify2'
[1.708s] DEBUG:colcon.colcon_core.event_reactor:joined thread
[1.709s] INFO:colcon.colcon_core.shell:Creating prefix script '/home/ogan/ME461F25_LittleDaisies/project/ros_ws/install/local_setup.ps1'
[1.710s] INFO:colcon.colcon_core.shell:Creating prefix util module '/home/ogan/ME461F25_LittleDaisies/project/ros_ws/install/_local_setup_util_ps1.py'
[1.710s] INFO:colcon.colcon_core.shell:Creating prefix chain script '/home/ogan/ME461F25_LittleDaisies/project/ros_ws/install/setup.ps1'
[1.711s] INFO:colcon.colcon_core.shell:Creating prefix script '/home/ogan/ME461F25_LittleDaisies/project/ros_ws/install/local_setup.sh'
[1.712s] INFO:colcon.colcon_core.shell:Creating prefix util module '/home/ogan/ME461F25_LittleDaisies/project/ros_ws/install/_local_setup_util_sh.py'
[1.712s] INFO:colcon.colcon_core.shell:Creating prefix chain script '/home/ogan/ME461F25_LittleDaisies/project/ros_ws/install/setup.sh'
[1.713s] INFO:colcon.colcon_core.shell:Creating prefix script '/home/ogan/ME461F25_LittleDaisies/project/ros_ws/install/local_setup.bash'
[1.713s] INFO:colcon.colcon_core.shell:Creating prefix chain script '/home/ogan/ME461F25_LittleDaisies/project/ros_ws/install/setup.bash'
[1.714s] INFO:colcon.colcon_core.shell:Creating prefix script '/home/ogan/ME461F25_LittleDaisies/project/ros_ws/install/local_setup.zsh'
[1.714s] INFO:colcon.colcon_core.shell:Creating prefix chain script '/home/ogan/ME461F25_LittleDaisies/project/ros_ws/install/setup.zsh'
